<testsuite errors="0" failures="0" name="Django Project Tests" skips="0" tests="5" time="0.001"><testcase classname="_user.tests.DummyTestCase" name="test_pass" time="0.000015" /><testcase classname="_user.test.GetModelsForConnectionTests" name="test_all_models" time="0.000221" /><testcase classname="_user.test.GetModelsForConnectionTests" name="test_no_models" time="0.000130" /><testcase classname="_user.test.GetModelsForConnectionTests" name="test_some_models" time="0.000115" /><testcase classname="_user.test.GetModelsForConnectionTests" name="test_wrong_models" time="0.000121" /></testsuite>